%!Adobe-FontList 1.14
%Locale:0x409

%BeginFont
Handler:DirectoryHandler
FontType:TrueType
FontName:Avenir-Book
FamilyName:Avenir
StyleName:Book
MenuName:Avenir Book
StyleBits:0
WeightClass:400
WidthClass:5
AngleClass:0
FullName:Avenir Book
WritingScript:Roman
OutlineFileName:\Avenir.ttc
TTCOffset:72
DataFormat:sfntData
FileLength:1540324
FileModTime:1375986252
%EndFont

%BeginFont
Handler:DirectoryHandler
FontType:TrueType
FontName:Avenir-BookOblique
FamilyName:Avenir
StyleName:Book Oblique
MenuName:Avenir Book
StyleBits:1
WeightClass:400
WidthClass:5
AngleClass:1
FullName:Avenir Book Oblique
WritingScript:Roman
OutlineFileName:\Avenir.ttc
TTCOffset:372
DataFormat:sfntData
FileLength:1540324
FileModTime:1375986252
%EndFont

%BeginFont
Handler:DirectoryHandler
FontType:TrueType
FontName:Avenir-Black
FamilyName:Avenir
StyleName:Black
MenuName:Avenir Black
StyleBits:2
WeightClass:800
WidthClass:5
AngleClass:0
FullName:Avenir Black
WritingScript:Roman
OutlineFileName:\Avenir.ttc
TTCOffset:672
DataFormat:sfntData
FileLength:1540324
FileModTime:1375986252
%EndFont

%BeginFont
Handler:DirectoryHandler
FontType:TrueType
FontName:Avenir-BlackOblique
FamilyName:Avenir
StyleName:Black Oblique
MenuName:Avenir Black Oblique
StyleBits:3
WeightClass:800
WidthClass:5
AngleClass:1
FullName:Avenir Black Oblique
WritingScript:Roman
OutlineFileName:\Avenir.ttc
TTCOffset:956
DataFormat:sfntData
FileLength:1540324
FileModTime:1375986252
%EndFont

%BeginFont
Handler:DirectoryHandler
FontType:TrueType
FontName:Avenir-Heavy
FamilyName:Avenir
StyleName:Heavy
MenuName:Avenir Heavy
StyleBits:2
WeightClass:900
WidthClass:5
AngleClass:0
FullName:Avenir Heavy
WritingScript:Roman
OutlineFileName:\Avenir.ttc
TTCOffset:1240
DataFormat:sfntData
FileLength:1540324
FileModTime:1375986252
%EndFont

%BeginFont
Handler:DirectoryHandler
FontType:TrueType
FontName:Avenir-HeavyOblique
FamilyName:Avenir
StyleName:Heavy Oblique
MenuName:Avenir Heavy
StyleBits:3
WeightClass:900
WidthClass:5
AngleClass:1
FullName:Avenir Heavy Oblique
WritingScript:Roman
OutlineFileName:\Avenir.ttc
TTCOffset:1524
DataFormat:sfntData
FileLength:1540324
FileModTime:1375986252
%EndFont

%BeginFont
Handler:DirectoryHandler
FontType:TrueType
FontName:Avenir-Light
FamilyName:Avenir
StyleName:Light
MenuName:Avenir Light
StyleBits:0
WeightClass:300
WidthClass:5
AngleClass:0
FullName:Avenir Light
WritingScript:Roman
OutlineFileName:\Avenir.ttc
TTCOffset:1824
DataFormat:sfntData
FileLength:1540324
FileModTime:1375986252
%EndFont

%BeginFont
Handler:DirectoryHandler
FontType:TrueType
FontName:Avenir-LightOblique
FamilyName:Avenir
StyleName:Light Oblique
MenuName:Avenir Light
StyleBits:1
WeightClass:300
WidthClass:5
AngleClass:1
FullName:Avenir Light Oblique
WritingScript:Roman
OutlineFileName:\Avenir.ttc
TTCOffset:2124
DataFormat:sfntData
FileLength:1540324
FileModTime:1375986252
%EndFont

%BeginFont
Handler:DirectoryHandler
FontType:TrueType
FontName:Avenir-Medium
FamilyName:Avenir
StyleName:Medium
MenuName:Avenir Medium
StyleBits:0
WeightClass:500
WidthClass:5
AngleClass:0
FullName:Avenir Medium
WritingScript:Roman
OutlineFileName:\Avenir.ttc
TTCOffset:2424
DataFormat:sfntData
FileLength:1540324
FileModTime:1375986252
%EndFont

%BeginFont
Handler:DirectoryHandler
FontType:TrueType
FontName:Avenir-MediumOblique
FamilyName:Avenir
StyleName:Medium Oblique
MenuName:Avenir Medium
StyleBits:1
WeightClass:500
WidthClass:5
AngleClass:1
FullName:Avenir Medium Oblique
WritingScript:Roman
OutlineFileName:\Avenir.ttc
TTCOffset:2708
DataFormat:sfntData
FileLength:1540324
FileModTime:1375986252
%EndFont

%BeginFont
Handler:DirectoryHandler
FontType:TrueType
FontName:Avenir-Oblique
FamilyName:Avenir
StyleName:Oblique
MenuName:Avenir
StyleBits:1
WeightClass:400
WidthClass:5
AngleClass:1
FullName:Avenir Oblique
WritingScript:Roman
OutlineFileName:\Avenir.ttc
TTCOffset:3008
DataFormat:sfntData
FileLength:1540324
FileModTime:1375986252
%EndFont

%BeginFont
Handler:DirectoryHandler
FontType:TrueType
FontName:Avenir-Roman
FamilyName:Avenir
StyleName:Roman
MenuName:Avenir
StyleBits:0
WeightClass:400
WidthClass:5
AngleClass:0
FullName:Avenir Roman
WritingScript:Roman
OutlineFileName:\Avenir.ttc
TTCOffset:3308
DataFormat:sfntData
FileLength:1540324
FileModTime:1375986252
%EndFont

%BeginFont
Handler:DirectoryHandler
FontType:TrueType
FontName:Marvel-Italic
FamilyName:Marvel
StyleName:Italic
MenuName:Marvel
StyleBits:1
WeightClass:400
WidthClass:5
AngleClass:1
FullName:Marvel Italic
WritingScript:Roman
OutlineFileName:\Marvel-Italic.ttf
DataFormat:sfntData
FileLength:40668
FileModTime:1378913278
%EndFont

%BeginFont
Handler:DirectoryHandler
FontType:TrueType
FontName:Marvel-Regular
FamilyName:Marvel
StyleName:Regular
MenuName:Marvel
StyleBits:0
WeightClass:400
WidthClass:5
AngleClass:0
FullName:Marvel
WritingScript:Roman
OutlineFileName:\Marvel-Regular.ttf
DataFormat:sfntData
FileLength:38220
FileModTime:1378913278
%EndFont

